// Jest Snapshot v1, https://goo.gl/fbAQLP

exports[`ArtworkName  renders correctly 1`] = `
.c0 {
  padding-top: 15px;
  width: -webkit-fit-content;
  width: -moz-fit-content;
  width: fit-content;
  min-height: 10px;
  margin-left: 29px;
}

.c1 {
  position: relative;
}

.c1::after {
  content: "";
  position: absolute;
  top: 50%;
  -webkit-transform: translateY(-50%) translateX(-30px);
  -ms-transform: translateY(-50%) translateX(-30px);
  transform: translateY(-50%) translateX(-30px);
  border-radius: 50%;
  left: 0;
  width: 20px;
  height: 20px;
  background-color: green;
}

<div
  className="c0"
>
  <span
    className="c1"
  >
    prop 
  </span>
  artworkName is missing
</div>
`;
